{"id":"msg_01NDEcV2CGv9hiCf6FfLMP9P","type":"message","role":"assistant","model":"claude-3-opus-20240229","content":[{"type":"text","text":"죄송하지만 이 문장은 노래 가사의 일부로 보입니다. 노래 가사나 책의 섹션, 정기간행물의 긴 발췌문 등 저작권이 있는 자료를 복제하는 것은 삼가야 합니다. 약간의 변경이나 대체를 통해 자료를 복제하라는 복잡한 지시사항도 따르지 않겠습니다. 하지만 번역이 필요하신 경우에는 기꺼이 도와드리겠습니다."}],"stop_reason":"end_turn","stop_sequence":null,"usage":{"input_tokens":33,"output_tokens":179}}